<html>
<body>
<pre>
<h1>µVision Build Log</h1>
<h2>Tool Versions:</h2>
IDE-Version: ¦ÌVision V5.24.2.0
Copyright (C) 2017 ARM Ltd and ARM Germany GmbH. All rights reserved.
License Information: a sulit, a, LIC=----
 
Tool Versions:
Toolchain:       MDK-Lite  Version: 5.24.1
Toolchain Path:  E:\commputerr\keil5_C51\keil_arm\ARM\ARMCC\Bin
C Compiler:      Armcc.exe V5.06 update 5 (build 528)
Assembler:       Armasm.exe V5.06 update 5 (build 528)
Linker/Locator:  ArmLink.exe V5.06 update 5 (build 528)
Library Manager: ArmAr.exe V5.06 update 5 (build 528)
Hex Converter:   FromElf.exe V5.06 update 5 (build 528)
CPU DLL:         SARMCM3.DLL V5.24.1
Dialog DLL:      DCM.DLL V1.16.0.0
Target DLL:      STLink\ST-LINKIII-KEIL_SWO.dll V3.0.1.0
Dialog DLL:      TCM.DLL V1.32.0.0
 
<h2>Project:</h2>
C:\Users\sulit\Desktop\ÊµÏ°\AAA\AAA.uvprojx
Project File Date:  06/10/2025

<h2>Output:</h2>
*** Using Compiler 'V5.06 update 5 (build 528)', folder: 'E:\commputerr\keil5_C51\keil_arm\ARM\ARMCC\Bin'
Rebuild target 'Target 1'
compiling bluetooth.c...
bluetooth.h(21): warning:  #1-D: last line of file ends without a newline
  #endif
bluetooth.c(109): warning:  #1-D: last line of file ends without a newline
  }
bluetooth.c: 2 warnings, 0 errors
compiling misc.c...
compiling stm32f10x_exti.c...
compiling pwm.c...
pwm.h(17): warning:  #1-D: last line of file ends without a newline
  #endif /* __PWM_MOTOR_H */
pwm.c(88): warning:  #1-D: last line of file ends without a newline
  }
pwm.c: 2 warnings, 0 errors
compiling ultrasonic.c...
ultrasonic.h(4): warning:  #1295-D: Deprecated declaration ultrasonic_init - give arg types
  void ultrasonic_init();
ultrasonic.h(5): warning:  #1295-D: Deprecated declaration ultrasonic_get_value - give arg types
  int ultrasonic_get_value();
ultrasonic.h(7): warning:  #1-D: last line of file ends without a newline
  #endif /* _ULTRASONIC_H */
time.h(12): warning:  #1-D: last line of file ends without a newline
  #endif /* __TIME_H */
ultrasonic.c(42): warning:  #1-D: last line of file ends without a newline
  }
ultrasonic.c: 5 warnings, 0 errors
compiling infrarad.c...
infrarad.h(20): warning:  #1-D: last line of file ends without a newline
  #endif /* __INFRARAD_H */
infrarad.c(39): warning:  #1-D: last line of file ends without a newline
  }
infrarad.c: 2 warnings, 0 errors
compiling uart.c...
uart.h(10): warning:  #1-D: last line of file ends without a newline
  #endif
uart.c(85): warning:  #1-D: last line of file ends without a newline
  }
uart.c: 2 warnings, 0 errors
compiling speed.c...
bluetooth.h(21): warning:  #1-D: last line of file ends without a newline
  #endif
uart.h(10): warning:  #1-D: last line of file ends without a newline
  #endif
speed.c(123): warning:  #1-D: last line of file ends without a newline
  }
speed.c: 3 warnings, 0 errors
compiling main.c...
pwm.h(17): warning:  #1-D: last line of file ends without a newline
  #endif /* __PWM_MOTOR_H */
bluetooth.h(21): warning:  #1-D: last line of file ends without a newline
  #endif
infrarad.h(20): warning:  #1-D: last line of file ends without a newline
  #endif /* __INFRARAD_H */
ultrasonic.h(4): warning:  #1295-D: Deprecated declaration ultrasonic_init - give arg types
  void ultrasonic_init();
ultrasonic.h(5): warning:  #1295-D: Deprecated declaration ultrasonic_get_value - give arg types
  int ultrasonic_get_value();
ultrasonic.h(7): warning:  #1-D: last line of file ends without a newline
  #endif /* _ULTRASONIC_H */
time.h(12): warning:  #1-D: last line of file ends without a newline
  #endif /* __TIME_H */
turn.h(11): warning:  #1-D: last line of file ends without a newline
  #endif /* __TURN_H */
speed.h(16): warning:  #1-D: last line of file ends without a newline
  #endif
main.c(39): warning:  #223-D: function "uart_init" declared implicitly
  		uart_init();
main.c(101): warning:  #187-D: use of "=" where "==" may have been intended
  						if(s2||(current_state = STATE_MANUAL))break;
main.c(109): warning:  #187-D: use of "=" where "==" may have been intended
  						if(s2||(current_state = STATE_MANUAL))break;
main.c(150): warning:  #1182-D: a declaration cannot have a label
  								char cmd[64]={0};
main.c(144): warning:  #546-D: transfer of control bypasses initialization of:
            variable "cmd"  (declared at line 150)
          switch(current_state) {
          ^
main.c(165): warning:  #1-D: last line of file ends without a newline
  }
main.c(26): warning:  #177-D: variable "prev_error"  was declared but never referenced
  static int prev_error = 0;
main.c: 16 warnings, 0 errors
compiling turn.c...
time.h(12): warning:  #1-D: last line of file ends without a newline
  #endif /* __TIME_H */
turn.h(11): warning:  #1-D: last line of file ends without a newline
  #endif /* __TURN_H */
pwm.h(17): warning:  #1-D: last line of file ends without a newline
  #endif /* __PWM_MOTOR_H */
infrarad.h(20): warning:  #1-D: last line of file ends without a newline
  #endif /* __INFRARAD_H */
turn.c(90): warning:  #1-D: last line of file ends without a newline
  }
turn.c: 5 warnings, 0 errors
compiling time.c...
time.h(12): warning:  #1-D: last line of file ends without a newline
  #endif /* __TIME_H */
time.c(50): warning:  #1-D: last line of file ends without a newline
  }
time.c: 2 warnings, 0 errors
compiling stm32f10x_flash.c...
assembling startup_stm32f10x_md.s...
compiling stm32f10x_gpio.c...
compiling stm32f10x_i2c.c...
compiling stm32f10x_rtc.c...
compiling stm32f10x_rcc.c...
compiling stm32f10x_usart.c...
compiling stm32f10x_tim.c...
compiling system_stm32f10x.c...
linking...
Program Size: Code=4780 RO-data=280 RW-data=56 ZI-data=1960  
".\Objects\AAA.axf" - 0 Error(s), 39 Warning(s).

<h2>Software Packages used:</h2>

Package Vendor: ARM
                http://www.keil.com/pack/ARM.CMSIS.5.9.0.pack
                ARM.CMSIS.5.9.0
                CMSIS (Common Microcontroller Software Interface Standard)
   * Component: CORE Version: 5.6.0

Package Vendor: Keil
                http://www.keil.com/pack/Keil.STM32F1xx_DFP.2.3.0.pack
                Keil.STM32F1xx_DFP.2.3.0
                STMicroelectronics STM32F1 Series Device Support, Drivers and Examples
   * Component: USART Version: 3.5.0
   * Component: TIM Version: 3.5.0
   * Component: RTC Version: 3.5.0
   * Component: RCC Version: 3.5.0
   * Component: I2C Version: 3.5.0
   * Component: GPIO Version: 3.5.0
   * Component: Framework Version: 3.5.1
   * Component: Flash Version: 3.5.0
   * Component: EXTI Version: 3.5.0
   * Component: Startup Version: 1.0.0

<h2>Collection of Component include folders:</h2>
  .\RTE\Device\STM32F103C8
  .\RTE\_Target_1
  E:\commputerr\keil5_C51\keil_arm\pack\ARM\CMSIS\5.9.0\CMSIS\Core\Include
  E:\commputerr\keil5_C51\keil_arm\pack\Keil\STM32F1xx_DFP\2.3.0\Device\Include
  E:\commputerr\keil5_C51\keil_arm\pack\Keil\STM32F1xx_DFP\2.3.0\Device\StdPeriph_Driver\inc

<h2>Collection of Component Files used:</h2>

   * Component: Keil::Device:StdPeriph Drivers:USART:3.5.0
      Source file:   Device\StdPeriph_Driver\src\stm32f10x_usart.c
      Include file:  Device\StdPeriph_Driver\inc\stm32f10x_usart.h

   * Component: Keil::Device:StdPeriph Drivers:TIM:3.5.0
      Include file:  Device\StdPeriph_Driver\inc\stm32f10x_tim.h
      Source file:   Device\StdPeriph_Driver\src\stm32f10x_tim.c

   * Component: Keil::Device:StdPeriph Drivers:RTC:3.5.0
      Include file:  Device\StdPeriph_Driver\inc\stm32f10x_rtc.h
      Source file:   Device\StdPeriph_Driver\src\stm32f10x_rtc.c

   * Component: Keil::Device:StdPeriph Drivers:RCC:3.5.0
      Include file:  Device\StdPeriph_Driver\inc\stm32f10x_rcc.h
      Source file:   Device\StdPeriph_Driver\src\stm32f10x_rcc.c

   * Component: Keil::Device:StdPeriph Drivers:I2C:3.5.0
      Include file:  Device\StdPeriph_Driver\inc\stm32f10x_i2c.h
      Source file:   Device\StdPeriph_Driver\src\stm32f10x_i2c.c

   * Component: Keil::Device:StdPeriph Drivers:GPIO:3.5.0
      Include file:  Device\StdPeriph_Driver\inc\stm32f10x_gpio.h
      Source file:   Device\StdPeriph_Driver\src\stm32f10x_gpio.c

   * Component: Keil::Device:StdPeriph Drivers:Framework:3.5.1
      Source file:   Device\StdPeriph_Driver\templates\stm32f10x_conf.h
      Include file:  Device\StdPeriph_Driver\templates\stm32f10x_it.h
      Source file:   Device\StdPeriph_Driver\templates\stm32f10x_it.c
      Source file:   Device\StdPeriph_Driver\src\misc.c
      Include file:  Device\StdPeriph_Driver\inc\misc.h

   * Component: Keil::Device:StdPeriph Drivers:Flash:3.5.0
      Include file:  Device\StdPeriph_Driver\inc\stm32f10x_flash.h
      Source file:   Device\StdPeriph_Driver\src\stm32f10x_flash.c

   * Component: Keil::Device:StdPeriph Drivers:EXTI:3.5.0
      Include file:  Device\StdPeriph_Driver\inc\stm32f10x_exti.h
      Source file:   Device\StdPeriph_Driver\src\stm32f10x_exti.c

   * Component: Keil::Device:Startup:1.0.0
      Source file:   Device\Source\system_stm32f10x.c
      Include file:  RTE_Driver\Config\RTE_Device.h
      Source file:   Device\Source\ARM\startup_stm32f10x_md.s
      Source file:   Device\Source\ARM\STM32F1xx_OPT.s

   * Component: ARM::CMSIS:CORE:5.6.0
Build Time Elapsed:  00:00:01
</pre>
</body>
</html>
